BL51 BANKED LINKER/LOCATER V6.22.4.0                                                    06/07/2026  12:33:20  PAGE 1


BL51 BANKED LINKER/LOCATER V6.22.4.0, INVOKED BY:
D:\KEIL UVISION5\C51\BIN\BL51.EXE .\Objects\STARTUP.obj, .\Objects\2_1.obj, .\Objects\2_2.obj, .\Objects\2_3.obj, .\Obje
>> cts\2_4.obj, .\Objects\2_4pwm.obj, .\Objects\2_5.obj, .\Objects\2_6.obj, .\Objects\2_7.obj, .\Objects\2_affliated.obj
>> , .\Objects\Delay.obj, .\Objects\example.obj TO .\Objects\project2 PRINT (.\Listings\project2.m51) RAMSIZE (256)


MEMORY MODEL: SMALL


INPUT MODULES INCLUDED:
  .\Objects\STARTUP.obj (?C_STARTUP)
  .\Objects\2_1.obj (2_1)
  .\Objects\2_2.obj (2_2)
  .\Objects\2_3.obj (2_3)
  .\Objects\2_4.obj (2_4)
  .\Objects\2_4pwm.obj (2_4PWM)
  .\Objects\2_5.obj (2_5)
  .\Objects\2_6.obj (2_6)
  .\Objects\2_7.obj (2_7)
  .\Objects\2_affliated.obj (2_AFFLIATED)
  .\Objects\Delay.obj (DELAY)
  .\Objects\example.obj (EXAMPLE)
  D:\KEIL UVISION5\C51\LIB\C51S.LIB (?C_INIT)


LINK MAP OF MODULE:  .\Objects\project2 (?C_STARTUP)


            TYPE    BASE      LENGTH    RELOCATION   SEGMENT NAME
            -----------------------------------------------------

            * * * * * * *   D A T A   M E M O R Y   * * * * * * *
            REG     0000H     0008H     ABSOLUTE     "REG BANK 0"
            DATA    0008H     0001H     UNIT         ?DT?2_7
            IDATA   0009H     0001H     UNIT         ?STACK

            * * * * * * *   C O D E   M E M O R Y   * * * * * * *
            CODE    0000H     0003H     ABSOLUTE     
            CODE    0003H     0003H     ABSOLUTE     
                    0006H     000DH                  *** GAP ***
            CODE    0013H     0003H     ABSOLUTE     
                    0016H     07EAH                  *** GAP ***
            CODE    0800H     008CH     UNIT         ?C_C51STARTUP
            CODE    088CH     0026H     UNIT         ?PR?EX0_ISR?2_7
            CODE    08B2H     0021H     UNIT         ?PR?EX1_ISR?2_7
            CODE    08D3H     0015H     UNIT         ?PR?_DELAYMS?DELAY
            CODE    08E8H     0014H     UNIT         ?PR?MAIN?2_7
            CODE    08FCH     0010H     UNIT         ?CO?2_7
            CODE    090CH     0004H     UNIT         ?C_INITSEG



OVERLAY MAP OF MODULE:   .\Objects\project2 (?C_STARTUP)


SEGMENT
  +--> CALLED SEGMENT
---------------------
BL51 BANKED LINKER/LOCATER V6.22.4.0                                                  06/07/2026  12:33:20  PAGE 2


?C_C51STARTUP
  +--> ?PR?MAIN?2_7
  +--> ?C_INITSEG

?PR?MAIN?2_7
  +--> ?CO?2_7

*** NEW ROOT ***************************************************

?PR?EX0_ISR?2_7
  +--> ?CO?2_7

*** NEW ROOT ***************************************************

?PR?EX1_ISR?2_7
  +--> ?CO?2_7



SYMBOL TABLE OF MODULE:  .\Objects\project2 (?C_STARTUP)

  VALUE           TYPE          NAME
  ----------------------------------

  -------         MODULE        ?C_STARTUP
  C:0800H         SEGMENT       ?C_C51STARTUP
  I:0009H         SEGMENT       ?STACK
  C:0000H         PUBLIC        ?C_STARTUP
  D:00E0H         SYMBOL        ACC
  D:00F0H         SYMBOL        B
  D:0083H         SYMBOL        DPH
  D:0082H         SYMBOL        DPL
  N:0000H         SYMBOL        IBPSTACK
  N:0100H         SYMBOL        IBPSTACKTOP
  N:0080H         SYMBOL        IDATALEN
  C:0803H         SYMBOL        IDATALOOP
  N:0000H         SYMBOL        PBPSTACK
  N:0100H         SYMBOL        PBPSTACKTOP
  N:0000H         SYMBOL        PDATALEN
  N:0000H         SYMBOL        PDATASTART
  N:0000H         SYMBOL        PPAGE
  N:0000H         SYMBOL        PPAGEENABLE
  D:00A0H         SYMBOL        PPAGE_SFR
  D:0081H         SYMBOL        SP
  C:0800H         SYMBOL        STARTUP1
  N:0000H         SYMBOL        XBPSTACK
  N:0000H         SYMBOL        XBPSTACKTOP
  N:0000H         SYMBOL        XDATALEN
  N:0000H         SYMBOL        XDATASTART
  C:0000H         LINE#         126
  C:0800H         LINE#         133
  C:0802H         LINE#         134
  C:0803H         LINE#         135
  C:0804H         LINE#         136
  C:0806H         LINE#         185
  C:0809H         LINE#         196
  -------         ENDMOD        ?C_STARTUP
BL51 BANKED LINKER/LOCATER V6.22.4.0                                                  06/07/2026  12:33:20  PAGE 3



  -------         MODULE        2_1
  C:0000H         SYMBOL        _ICE_DUMMY_
  -------         ENDMOD        2_1

  -------         MODULE        2_2
  C:0000H         SYMBOL        _ICE_DUMMY_
  -------         ENDMOD        2_2

  -------         MODULE        2_3
  C:0000H         SYMBOL        _ICE_DUMMY_
  -------         ENDMOD        2_3

  -------         MODULE        2_4
  C:0000H         SYMBOL        _ICE_DUMMY_
  -------         ENDMOD        2_4

  -------         MODULE        2_4PWM
  C:0000H         SYMBOL        _ICE_DUMMY_
  -------         ENDMOD        2_4PWM

  -------         MODULE        2_5
  C:0000H         SYMBOL        _ICE_DUMMY_
  -------         ENDMOD        2_5

  -------         MODULE        2_6
  C:0000H         SYMBOL        _ICE_DUMMY_
  -------         ENDMOD        2_6

  -------         MODULE        2_7
  C:0000H         SYMBOL        _ICE_DUMMY_
  D:0080H         PUBLIC        P0
  B:00A8H.7       PUBLIC        EA
  C:088CH         PUBLIC        EX0_ISR
  C:08B2H         PUBLIC        EX1_ISR
  C:08E8H         PUBLIC        main
  C:08FCH         PUBLIC        SEG_TABLE
  B:00A8H.0       PUBLIC        EX0
  B:0088H.0       PUBLIC        IT0
  B:00A8H.2       PUBLIC        EX1
  B:0088H.2       PUBLIC        IT1
  D:0008H         PUBLIC        num
  -------         PROC          EX0_ISR
  C:088CH         LINE#         28
  C:0894H         LINE#         30
  C:0896H         LINE#         31
  C:08A0H         LINE#         32
  C:08A9H         LINE#         33
  -------         ENDPROC       EX0_ISR
  -------         PROC          EX1_ISR
  C:08B2H         LINE#         36
  C:08B8H         LINE#         38
  C:08C1H         LINE#         39
  C:08C3H         LINE#         40
  C:08CCH         LINE#         41
  -------         ENDPROC       EX1_ISR
  -------         PROC          MAIN
BL51 BANKED LINKER/LOCATER V6.22.4.0                                                  06/07/2026  12:33:20  PAGE 4


  C:08E8H         LINE#         43
  C:08E8H         LINE#         44
  C:08E8H         LINE#         45
  C:08EAH         LINE#         46
  C:08ECH         LINE#         47
  C:08EEH         LINE#         48
  C:08F0H         LINE#         49
  C:08F2H         LINE#         51
  C:08FAH         LINE#         53
  C:08FAH         LINE#         54
  C:08FAH         LINE#         56
  -------         ENDPROC       MAIN
  -------         ENDMOD        2_7

  -------         MODULE        2_AFFLIATED
  C:0000H         SYMBOL        _ICE_DUMMY_
  -------         ENDMOD        2_AFFLIATED

  -------         MODULE        DELAY
  C:0000H         SYMBOL        _ICE_DUMMY_
  C:08D3H         PUBLIC        _DelayMS
  -------         PROC          _DELAYMS
  D:0006H         SYMBOL        xms
  -------         DO            
  D:0005H         SYMBOL        i
  D:0004H         SYMBOL        j
  -------         ENDDO         
  C:08D3H         LINE#         3
  C:08D3H         LINE#         4
  C:08D3H         LINE#         6
  C:08DDH         LINE#         7
  C:08DDH         LINE#         8
  C:08DFH         LINE#         9
  C:08E1H         LINE#         11
  C:08E1H         LINE#         12
  C:08E3H         LINE#         13
  C:08E5H         LINE#         14
  C:08E7H         LINE#         15
  -------         ENDPROC       _DELAYMS
  -------         ENDMOD        DELAY

  -------         MODULE        EXAMPLE
  C:0000H         SYMBOL        _ICE_DUMMY_
  -------         ENDMOD        EXAMPLE

*** WARNING L16: UNCALLED SEGMENT, IGNORED FOR OVERLAY PROCESS
    SEGMENT: ?PR?_DELAYMS?DELAY

******************************************************************************
* RESTRICTED VERSION WITH 0800H BYTE CODE SIZE LIMIT; USED: 0098H BYTE ( 7%) *
******************************************************************************

Program Size: data=10.0 xdata=0 code=281
LINK/LOCATE RUN COMPLETE.  1 WARNING(S),  0 ERROR(S)
