BL51 BANKED LINKER/LOCATER V6.22.4.0                                                    06/14/2026  13:07:48  PAGE 1


BL51 BANKED LINKER/LOCATER V6.22.4.0, INVOKED BY:
D:\KEIL UVISION5\C51\BIN\BL51.EXE .\Objects\STARTUP.obj, .\Objects\3_1.obj, .\Objects\3_2.obj, .\Objects\3_3.obj, .\Obje
>> cts\3_4.obj, .\Objects\3_5.obj, .\Objects\3_6.obj, .\Objects\3_7.obj, .\Objects\Delay.obj, .\Objects\guan.obj TO .\Ob
>> jects\project3 PRINT (.\Listings\project3.m51) RAMSIZE (256)


MEMORY MODEL: SMALL


INPUT MODULES INCLUDED:
  .\Objects\STARTUP.obj (?C_STARTUP)
  .\Objects\3_1.obj (3_1)
  .\Objects\3_2.obj (3_2)
  .\Objects\3_3.obj (3_3)
  .\Objects\3_4.obj (3_4)
  .\Objects\3_5.obj (3_5)
  .\Objects\3_6.obj (3_6)
  .\Objects\3_7.obj (3_7)
  .\Objects\Delay.obj (DELAY)
  .\Objects\guan.obj (GUAN)


LINK MAP OF MODULE:  .\Objects\project3 (?C_STARTUP)


            TYPE    BASE      LENGTH    RELOCATION   SEGMENT NAME
            -----------------------------------------------------

            * * * * * * *   D A T A   M E M O R Y   * * * * * * *
            REG     0000H     0008H     ABSOLUTE     "REG BANK 0"
            DATA    0008H     0002H     UNIT         ?DT?GUAN
            IDATA   000AH     0001H     UNIT         ?STACK

            * * * * * * *   C O D E   M E M O R Y   * * * * * * *
            CODE    0000H     0003H     ABSOLUTE     
            CODE    0003H     0015H     UNIT         ?PR?_DELAYMS?DELAY
                    0018H     000BH                  *** GAP ***
            CODE    0023H     0003H     ABSOLUTE     
            CODE    0026H     002BH     UNIT         ?PR?MAIN?GUAN
            CODE    0051H     002AH     UNIT         ?PR?SER?GUAN
            CODE    007BH     0010H     UNIT         ?CO?GUAN
            CODE    008BH     000CH     UNIT         ?C_C51STARTUP



OVERLAY MAP OF MODULE:   .\Objects\project3 (?C_STARTUP)


SEGMENT
  +--> CALLED SEGMENT
---------------------
?C_C51STARTUP
  +--> ?PR?MAIN?GUAN

*** NEW ROOT ***************************************************

?PR?SER?GUAN
  +--> ?CO?GUAN
BL51 BANKED LINKER/LOCATER V6.22.4.0                                                  06/14/2026  13:07:48  PAGE 2





SYMBOL TABLE OF MODULE:  .\Objects\project3 (?C_STARTUP)

  VALUE           TYPE          NAME
  ----------------------------------

  -------         MODULE        ?C_STARTUP
  C:008BH         SEGMENT       ?C_C51STARTUP
  I:000AH         SEGMENT       ?STACK
  C:0000H         PUBLIC        ?C_STARTUP
  D:00E0H         SYMBOL        ACC
  D:00F0H         SYMBOL        B
  D:0083H         SYMBOL        DPH
  D:0082H         SYMBOL        DPL
  N:0000H         SYMBOL        IBPSTACK
  N:0100H         SYMBOL        IBPSTACKTOP
  N:0080H         SYMBOL        IDATALEN
  C:008EH         SYMBOL        IDATALOOP
  N:0000H         SYMBOL        PBPSTACK
  N:0100H         SYMBOL        PBPSTACKTOP
  N:0000H         SYMBOL        PDATALEN
  N:0000H         SYMBOL        PDATASTART
  N:0000H         SYMBOL        PPAGE
  N:0000H         SYMBOL        PPAGEENABLE
  D:00A0H         SYMBOL        PPAGE_SFR
  D:0081H         SYMBOL        SP
  C:008BH         SYMBOL        STARTUP1
  N:0000H         SYMBOL        XBPSTACK
  N:0000H         SYMBOL        XBPSTACKTOP
  N:0000H         SYMBOL        XDATALEN
  N:0000H         SYMBOL        XDATASTART
  C:0000H         LINE#         126
  C:008BH         LINE#         133
  C:008DH         LINE#         134
  C:008EH         LINE#         135
  C:008FH         LINE#         136
  C:0091H         LINE#         185
  C:0094H         LINE#         196
  -------         ENDMOD        ?C_STARTUP

  -------         MODULE        3_1
  C:0000H         SYMBOL        _ICE_DUMMY_
  -------         ENDMOD        3_1

  -------         MODULE        3_2
  C:0000H         SYMBOL        _ICE_DUMMY_
  -------         ENDMOD        3_2

  -------         MODULE        3_3
  C:0000H         SYMBOL        _ICE_DUMMY_
  -------         ENDMOD        3_3

  -------         MODULE        3_4
  C:0000H         SYMBOL        _ICE_DUMMY_
  -------         ENDMOD        3_4
BL51 BANKED LINKER/LOCATER V6.22.4.0                                                  06/14/2026  13:07:48  PAGE 3



  -------         MODULE        3_5
  C:0000H         SYMBOL        _ICE_DUMMY_
  -------         ENDMOD        3_5

  -------         MODULE        3_6
  C:0000H         SYMBOL        _ICE_DUMMY_
  -------         ENDMOD        3_6

  -------         MODULE        3_7
  C:0000H         SYMBOL        _ICE_DUMMY_
  -------         ENDMOD        3_7

  -------         MODULE        DELAY
  C:0000H         SYMBOL        _ICE_DUMMY_
  C:0003H         PUBLIC        _DelayMS
  -------         PROC          _DELAYMS
  D:0006H         SYMBOL        xms
  -------         DO            
  D:0005H         SYMBOL        i
  D:0004H         SYMBOL        j
  -------         ENDDO         
  C:0003H         LINE#         3
  C:0003H         LINE#         4
  C:0003H         LINE#         6
  C:000DH         LINE#         7
  C:000DH         LINE#         8
  C:000FH         LINE#         9
  C:0011H         LINE#         11
  C:0011H         LINE#         12
  C:0013H         LINE#         13
  C:0015H         LINE#         14
  C:0017H         LINE#         15
  -------         ENDPROC       _DELAYMS
  -------         ENDMOD        DELAY

  -------         MODULE        GUAN
  C:0000H         SYMBOL        _ICE_DUMMY_
  D:0080H         PUBLIC        P0
  B:00A8H.7       PUBLIC        EA
  C:007BH         PUBLIC        table
  B:00A8H.4       PUBLIC        ES
  B:0098H.0       PUBLIC        RI
  D:0008H         PUBLIC        flag
  B:0098H.1       PUBLIC        TI
  C:0026H         PUBLIC        main
  D:0099H         PUBLIC        SBUF
  D:0089H         PUBLIC        TMOD
  C:0051H         PUBLIC        ser
  D:008DH         PUBLIC        TH1
  B:0098H.7       PUBLIC        SM0
  D:0009H         PUBLIC        num
  B:0098H.6       PUBLIC        SM1
  D:008BH         PUBLIC        TL1
  B:0088H.6       PUBLIC        TR1
  B:0098H.4       PUBLIC        REN
  -------         PROC          MAIN
BL51 BANKED LINKER/LOCATER V6.22.4.0                                                  06/14/2026  13:07:48  PAGE 4


  C:0026H         LINE#         12
  C:0026H         LINE#         13
  C:0026H         LINE#         14
  C:0028H         LINE#         15
  C:002AH         LINE#         16
  C:002CH         LINE#         18
  C:002EH         LINE#         19
  C:0031H         LINE#         20
  C:0034H         LINE#         21
  C:0037H         LINE#         23
  C:0039H         LINE#         24
  C:003BH         LINE#         26
  C:003BH         LINE#         27
  C:003BH         LINE#         28
  C:0040H         LINE#         29
  C:0040H         LINE#         30
  C:0042H         LINE#         31
  C:0045H         LINE#         32
  C:0048H         LINE#         33
  C:004BH         LINE#         34
  C:004DH         LINE#         35
  C:004FH         LINE#         36
  C:004FH         LINE#         37
  -------         ENDPROC       MAIN
  -------         PROC          SER
  C:0051H         LINE#         40
  C:005EH         LINE#         42
  C:0060H         LINE#         43
  C:0063H         LINE#         44
  C:006DH         LINE#         45
  C:0070H         LINE#         47
  -------         ENDPROC       SER
  -------         ENDMOD        GUAN

*** WARNING L16: UNCALLED SEGMENT, IGNORED FOR OVERLAY PROCESS
    SEGMENT: ?PR?_DELAYMS?DELAY

Program Size: data=11.0 xdata=0 code=140
LINK/LOCATE RUN COMPLETE.  1 WARNING(S),  0 ERROR(S)
