BL51 BANKED LINKER/LOCATER V6.22.4.0                                                    06/07/2026  10:59:53  PAGE 1


BL51 BANKED LINKER/LOCATER V6.22.4.0, INVOKED BY:
D:\KEIL UVISION5\C51\BIN\BL51.EXE .\Objects\STARTUP.obj, .\Objects\1.obj, .\Objects\2.obj, .\Objects\3.obj, .\Objects\4.
>> obj, .\Objects\5.obj, .\Objects\6.obj, .\Objects\7.obj TO .\Objects\project1 PRINT (.\Listings\project1.m51) RAMSIZE 
>> (256)


MEMORY MODEL: SMALL


INPUT MODULES INCLUDED:
  .\Objects\STARTUP.obj (?C_STARTUP)
  .\Objects\1.obj (1)
  .\Objects\2.obj (2)
  .\Objects\3.obj (3)
  .\Objects\4.obj (4)
  .\Objects\5.obj (5)
  .\Objects\6.obj (6)
  .\Objects\7.obj (7)


LINK MAP OF MODULE:  .\Objects\project1 (?C_STARTUP)


            TYPE    BASE      LENGTH    RELOCATION   SEGMENT NAME
            -----------------------------------------------------

            * * * * * * *   D A T A   M E M O R Y   * * * * * * *
            REG     0000H     0008H     ABSOLUTE     "REG BANK 0"
            IDATA   0008H     0001H     UNIT         ?STACK

            * * * * * * *   C O D E   M E M O R Y   * * * * * * *
            CODE    0000H     0003H     ABSOLUTE     
                    0003H     07FDH                  *** GAP ***
            CODE    0800H     001BH     UNIT         ?PR?MAIN?7
            CODE    081BH     0016H     UNIT         ?PR?_DELAYMS?7
            CODE    0831H     000CH     UNIT         ?C_C51STARTUP
            CODE    083DH     000AH     UNIT         ?CO?7



OVERLAY MAP OF MODULE:   .\Objects\project1 (?C_STARTUP)


SEGMENT
  +--> CALLED SEGMENT
---------------------
?C_C51STARTUP
  +--> ?PR?MAIN?7

?PR?MAIN?7
  +--> ?CO?7
  +--> ?PR?_DELAYMS?7



SYMBOL TABLE OF MODULE:  .\Objects\project1 (?C_STARTUP)

  VALUE           TYPE          NAME
BL51 BANKED LINKER/LOCATER V6.22.4.0                                                  06/07/2026  10:59:53  PAGE 2


  ----------------------------------

  -------         MODULE        ?C_STARTUP
  C:0831H         SEGMENT       ?C_C51STARTUP
  I:0008H         SEGMENT       ?STACK
  C:0000H         PUBLIC        ?C_STARTUP
  D:00E0H         SYMBOL        ACC
  D:00F0H         SYMBOL        B
  D:0083H         SYMBOL        DPH
  D:0082H         SYMBOL        DPL
  N:0000H         SYMBOL        IBPSTACK
  N:0100H         SYMBOL        IBPSTACKTOP
  N:0080H         SYMBOL        IDATALEN
  C:0834H         SYMBOL        IDATALOOP
  N:0000H         SYMBOL        PBPSTACK
  N:0100H         SYMBOL        PBPSTACKTOP
  N:0000H         SYMBOL        PDATALEN
  N:0000H         SYMBOL        PDATASTART
  N:0000H         SYMBOL        PPAGE
  N:0000H         SYMBOL        PPAGEENABLE
  D:00A0H         SYMBOL        PPAGE_SFR
  D:0081H         SYMBOL        SP
  C:0831H         SYMBOL        STARTUP1
  N:0000H         SYMBOL        XBPSTACK
  N:0000H         SYMBOL        XBPSTACKTOP
  N:0000H         SYMBOL        XDATALEN
  N:0000H         SYMBOL        XDATASTART
  C:0000H         LINE#         126
  C:0831H         LINE#         133
  C:0833H         LINE#         134
  C:0834H         LINE#         135
  C:0835H         LINE#         136
  C:0837H         LINE#         185
  C:083AH         LINE#         196
  -------         ENDMOD        ?C_STARTUP

  -------         MODULE        1
  C:0000H         SYMBOL        _ICE_DUMMY_
  -------         ENDMOD        1

  -------         MODULE        2
  C:0000H         SYMBOL        _ICE_DUMMY_
  -------         ENDMOD        2

  -------         MODULE        3
  C:0000H         SYMBOL        _ICE_DUMMY_
  -------         ENDMOD        3

  -------         MODULE        4
  C:0000H         SYMBOL        _ICE_DUMMY_
  -------         ENDMOD        4

  -------         MODULE        5
  C:0000H         SYMBOL        _ICE_DUMMY_
  -------         ENDMOD        5

  -------         MODULE        6
BL51 BANKED LINKER/LOCATER V6.22.4.0                                                  06/07/2026  10:59:53  PAGE 3


  C:0000H         SYMBOL        _ICE_DUMMY_
  -------         ENDMOD        6

  -------         MODULE        7
  C:0000H         SYMBOL        _ICE_DUMMY_
  D:0080H         PUBLIC        P0
  C:081BH         PUBLIC        _DelayMS
  C:0800H         PUBLIC        main
  C:083DH         PUBLIC        SEG_TABLE
  -------         PROC          _DELAYMS
  D:0006H         SYMBOL        x
  -------         DO            
  D:0005H         SYMBOL        i
  -------         ENDDO         
  C:081BH         LINE#         17
  C:081BH         LINE#         19
  C:0825H         LINE#         20
  C:0830H         LINE#         21
  C:0830H         LINE#         22
  -------         ENDPROC       _DELAYMS
  -------         PROC          MAIN
  -------         DO            
  D:0004H         SYMBOL        num
  -------         ENDDO         
  C:0800H         LINE#         24
  C:0800H         LINE#         25
  C:0802H         LINE#         27
  C:0802H         LINE#         28
  C:080AH         LINE#         29
  C:0811H         LINE#         31
  C:0814H         LINE#         32
  C:0816H         LINE#         33
  C:0818H         LINE#         34
  C:0819H         LINE#         35
  C:0819H         LINE#         36
  -------         ENDPROC       MAIN
  -------         ENDMOD        7

******************************************************************************
* RESTRICTED VERSION WITH 0800H BYTE CODE SIZE LIMIT; USED: 004AH BYTE ( 3%) *
******************************************************************************

Program Size: data=9.0 xdata=0 code=74
LINK/LOCATE RUN COMPLETE.  0 WARNING(S),  0 ERROR(S)
